{
  "Author": {
    "Name": "CORP\\jgough",
    "Email": null,
    "Url": null
  },
  "OccurredAt": "2014-02-11T13:53:19-05:00",
  "Comment": "Yep there it is AT-01069",
  "Repo": {
    "Name": "Hello World",
    "Url": null
  },
  "SourceType": "TFS",
  "CommitId": {
    "Name": "128",
    "Url": null
  },
  "Attributes": null
}