<?xml version="1.0"?><s:Envelope xmlns:a="http://www.w3.org/2005/08/addressing" xmlns:s="http://www.w3.org/2003/05/soap-envelope"><s:Header><a:Action s:mustUnderstand="1">http://schemas.microsoft.com/TeamFoundation/2005/06/Services/Notification/03/IService/NotifyResponse</a:Action></s:Header><s:Body xmlns:xsd="http://www.w3.org/2001/XMLSchema" xmlns:xsi="http://www.w3.org/2001/XMLSchema-instance"><NotifyResponse xmlns="http://schemas.microsoft.com/TeamFoundation/2005/06/Services/Notification/03"/></s:Body></s:Envelope>